
> srmap-mess-pass-portal@1.0.0 build
> next build

  Γû▓ Next.js 14.2.35
  - Environments: .env.local

   Creating an optimized production build ...
 Γ£ô Compiled successfully
   Linting and checking validity of types ...

./src/app/dashboard/issue-pass/page.tsx
190:23  Warning: Using `<img>` could result in slower LCP and higher bandwidth. Consider using `<Image />` from `next/image` to automatically optimize images. This may incur additional usage or cost from your provider. See: https://nextjs.org/docs/messages/no-img-element  @next/next/no-img-element

./src/app/dashboard/issued-passes/page.tsx
836:23  Warning: Using `<img>` could result in slower LCP and higher bandwidth. Consider using `<Image />` from `next/image` to automatically optimize images. This may incur additional usage or cost from your provider. See: https://nextjs.org/docs/messages/no-img-element  @next/next/no-img-element
930:29  Warning: Using `<img>` could result in slower LCP and higher bandwidth. Consider using `<Image />` from `next/image` to automatically optimize images. This may incur additional usage or cost from your provider. See: https://nextjs.org/docs/messages/no-img-element  @next/next/no-img-element

./src/app/dashboard/pass-requests/page.tsx
983:23  Warning: Using `<img>` could result in slower LCP and higher bandwidth. Consider using `<Image />` from `next/image` to automatically optimize images. This may incur additional usage or cost from your provider. See: https://nextjs.org/docs/messages/no-img-element  @next/next/no-img-element

./src/app/mess-pass-request/page.tsx
419:25  Warning: Using `<img>` could result in slower LCP and higher bandwidth. Consider using `<Image />` from `next/image` to automatically optimize images. This may incur additional usage or cost from your provider. See: https://nextjs.org/docs/messages/no-img-element  @next/next/no-img-element

./src/components/PassCard.tsx
58:15  Warning: Using `<img>` could result in slower LCP and higher bandwidth. Consider using `<Image />` from `next/image` to automatically optimize images. This may incur additional usage or cost from your provider. See: https://nextjs.org/docs/messages/no-img-element  @next/next/no-img-element
117:13  Warning: Using `<img>` could result in slower LCP and higher bandwidth. Consider using `<Image />` from `next/image` to automatically optimize images. This may incur additional usage or cost from your provider. See: https://nextjs.org/docs/messages/no-img-element  @next/next/no-img-element

info  - Need to disable some ESLint rules? Learn more here: https://nextjs.org/docs/basic-features/eslint#disabling-rules
   Collecting page data ...
   Generating static pages (0/39) ...
   Generating static pages (9/39) 
node.exe : Error fetching database stats: B [Error]: Dynamic server usage: 
Route /api/superadmin/database-stats couldn't be rendered statically because 
it used `request.headers`. See more info here: 
https://nextjs.org/docs/messages/dynamic-server-error
At C:\Program Files\nodejs\npm.ps1:29 char:3
+   & $NODE_EXE $NPM_CLI_JS $args
+   ~~~~~~~~~~~~~~~~~~~~~~~~~~~~~
    + CategoryInfo          : NotSpecified: (Error fetching ...ic-server-error 
   :String) [], RemoteException
    + FullyQualifiedErrorId : NativeCommandError
 
    at V (C:\Users\LENOVO\Downloads\SRMAPIMPASS\node_modules\next\dist\compiled
\next-server\app-route.runtime.prod.js:6:21778)
    at Object.get (C:\Users\LENOVO\Downloads\SRMAPIMPASS\node_modules\next\dist
\compiled\next-server\app-route.runtime.prod.js:6:29465)
    at u (C:\Users\LENOVO\Downloads\SRMAPIMPASS\.next\server\app\api\passes\rou
te.js:1:4183)
    at i (C:\Users\LENOVO\Downloads\SRMAPIMPASS\.next\server\app\api\superadmin
\superadmins\[id]\route.js:1:4882)
    at d (C:\Users\LENOVO\Downloads\SRMAPIMPASS\.next\server\app\api\superadmin
\database-stats\route.js:1:753)
    at C:\Users\LENOVO\Downloads\SRMAPIMPASS\node_modules\next\dist\compiled\ne
xt-server\app-route.runtime.prod.js:6:38417
    at C:\Users\LENOVO\Downloads\SRMAPIMPASS\node_modules\next\dist\server\lib\
trace\tracer.js:140:36
    at NoopContextManager.with (C:\Users\LENOVO\Downloads\SRMAPIMPASS\node_modu
les\next\dist\compiled\@opentelemetry\api\index.js:1:7062)
    at ContextAPI.with (C:\Users\LENOVO\Downloads\SRMAPIMPASS\node_modules\next
\dist\compiled\@opentelemetry\api\index.js:1:518)
    at NoopTracer.startActiveSpan (C:\Users\LENOVO\Downloads\SRMAPIMPASS\node_m
odules\next\dist\compiled\@opentelemetry\api\index.js:1:18093) {
  description: "Route /api/superadmin/database-stats couldn't be rendered 
statically because it used `request.headers`. See more info here: 
https://nextjs.org/docs/messages/dynamic-server-error",
  digest: 'DYNAMIC_SERVER_USAGE'
}
Error fetching statistics: B [Error]: Dynamic server usage: Route 
/api/superadmin/statistics couldn't be rendered statically because it used 
`request.headers`. See more info here: 
https://nextjs.org/docs/messages/dynamic-server-error
    at V (C:\Users\LENOVO\Downloads\SRMAPIMPASS\node_modules\next\dist\compiled
\next-server\app-route.runtime.prod.js:6:21778)
    at Object.get (C:\Users\LENOVO\Downloads\SRMAPIMPASS\node_modules\next\dist
\compiled\next-server\app-route.runtime.prod.js:6:29465)
    at u (C:\Users\LENOVO\Downloads\SRMAPIMPASS\.next\server\app\api\superadmin
\statistics\route.js:1:3328)
    at a (C:\Users\LENOVO\Downloads\SRMAPIMPASS\.next\server\app\api\superadmin
\statistics\route.js:1:4220)
    at y (C:\Users\LENOVO\Downloads\SRMAPIMPASS\.next\server\app\api\superadmin
\statistics\route.js:1:797)
    at C:\Users\LENOVO\Downloads\SRMAPIMPASS\node_modules\next\dist\compiled\ne
xt-server\app-route.runtime.prod.js:6:38417
    at C:\Users\LENOVO\Downloads\SRMAPIMPASS\node_modules\next\dist\server\lib\
trace\tracer.js:140:36
    at NoopContextManager.with (C:\Users\LENOVO\Downloads\SRMAPIMPASS\node_modu
les\next\dist\compiled\@opentelemetry\api\index.js:1:7062)
    at ContextAPI.with (C:\Users\LENOVO\Downloads\SRMAPIMPASS\node_modules\next
\dist\compiled\@opentelemetry\api\index.js:1:518)
    at NoopTracer.startActiveSpan (C:\Users\LENOVO\Downloads\SRMAPIMPASS\node_m
odules\next\dist\compiled\@opentelemetry\api\index.js:1:18093) {
  description: "Route /api/superadmin/statistics couldn't be rendered 
statically because it used `request.headers`. See more info here: 
https://nextjs.org/docs/messages/dynamic-server-error",
  digest: 'DYNAMIC_SERVER_USAGE'
}
   Generating static pages (19/39) 
Error fetching admin history: B [Error]: Dynamic server usage: Route 
/api/superadmin/admin-history couldn't be rendered statically because it used 
`request.headers`. See more info here: 
https://nextjs.org/docs/messages/dynamic-server-error
    at V (C:\Users\LENOVO\Downloads\SRMAPIMPASS\node_modules\next\dist\compiled
\next-server\app-route.runtime.prod.js:6:21778)
    at Object.get (C:\Users\LENOVO\Downloads\SRMAPIMPASS\node_modules\next\dist
\compiled\next-server\app-route.runtime.prod.js:6:29465)
    at u (C:\Users\LENOVO\Downloads\SRMAPIMPASS\.next\server\app\api\superadmin
\superadmins\route.js:1:4506)
    at i (C:\Users\LENOVO\Downloads\SRMAPIMPASS\.next\server\app\api\superadmin
\superadmins\route.js:1:5398)
    at d (C:\Users\LENOVO\Downloads\SRMAPIMPASS\.next\server\app\api\superadmin
\admin-history\route.js:1:762)
    at C:\Users\LENOVO\Downloads\SRMAPIMPASS\node_modules\next\dist\compiled\ne
xt-server\app-route.runtime.prod.js:6:38417
    at C:\Users\LENOVO\Downloads\SRMAPIMPASS\node_modules\next\dist\server\lib\
trace\tracer.js:140:36
    at NoopContextManager.with (C:\Users\LENOVO\Downloads\SRMAPIMPASS\node_modu
les\next\dist\compiled\@opentelemetry\api\index.js:1:7062)
    at ContextAPI.with (C:\Users\LENOVO\Downloads\SRMAPIMPASS\node_modules\next
\dist\compiled\@opentelemetry\api\index.js:1:518)
    at NoopTracer.startActiveSpan (C:\Users\LENOVO\Downloads\SRMAPIMPASS\node_m
odules\next\dist\compiled\@opentelemetry\api\index.js:1:18093) {
  description: "Route /api/superadmin/admin-history couldn't be rendered 
statically because it used `request.headers`. See more info here: 
https://nextjs.org/docs/messages/dynamic-server-error",
  digest: 'DYNAMIC_SERVER_USAGE'
}
   Generating static pages (29/39) 
 Γ£ô Generating static pages (39/39)
   Finalizing page optimization ...
   Collecting build traces ...

Route (app)                                            Size     First Load JS
Γöî Γùï /                                                  342 B          87.9 kB
Γö£ Γùï /_not-found                                        876 B          88.4 kB
Γö£ ╞Æ /api/auth/forgot-password                          0 B                0 B
Γö£ ╞Æ /api/auth/login                                    0 B                0 B
Γö£ ╞Æ /api/auth/reset-password                           0 B                0 B
Γö£ ╞Æ /api/auth/send-otp                                 0 B                0 B
Γö£ ╞Æ /api/auth/verify                                   0 B                0 B
Γö£ ╞Æ /api/auth/verify-login-otp                         0 B                0 B
Γö£ ╞Æ /api/auth/verify-otp                               0 B                0 B
Γö£ ╞Æ /api/pass-requests                                 0 B                0 B
Γö£ ╞Æ /api/pass-requests/[requestNumber]                 0 B                0 B
Γö£ ╞Æ /api/pass-requests/admin                           0 B                0 B
Γö£ ╞Æ /api/pass-requests/admin/[requestNumber]           0 B                0 B
Γö£ ╞Æ /api/pass-requests/admin/[requestNumber]/[action]  0 B                0 B
Γö£ ╞Æ /api/passes                                        0 B                0 B
Γö£ ╞Æ /api/passes/[id]                                   0 B                0 B
Γö£ ╞Æ /api/passes/[id]/download                          0 B                0 B
Γö£ ╞Æ /api/passes/search                                 0 B                0 B
Γö£ ╞Æ /api/send-notification                             0 B                0 B
Γö£ ╞Æ /api/statistics                                    0 B                0 B
Γö£ ╞Æ /api/superadmin/admin-history                      0 B                0 B
Γö£ ╞Æ /api/superadmin/admins                             0 B                0 B
Γö£ ╞Æ /api/superadmin/auth/forgot-password               0 B                0 B
Γö£ ╞Æ /api/superadmin/auth/login                         0 B                0 B
Γö£ ╞Æ /api/superadmin/auth/reset-password                0 B                0 B
Γö£ ╞Æ /api/superadmin/auth/send-otp                      0 B                0 B
Γö£ ╞Æ /api/superadmin/auth/verify-login-otp              0 B                0 B
Γö£ ╞Æ /api/superadmin/database-stats                     0 B                0 B
Γö£ ╞Æ /api/superadmin/deleted-document/[id]              0 B                0 B
Γö£ ╞Æ /api/superadmin/statistics                         0 B                0 B
Γö£ ╞Æ /api/superadmin/superadmins                        0 B                0 B
Γö£ ╞Æ /api/superadmin/superadmins/[id]                   0 B                0 B
Γö£ ╞Æ /api/verify-pass                                   0 B                0 B
Γö£ Γùï /dashboard                                         119 kB          228 kB
Γö£ Γùï /dashboard/issue-pass                              4.08 kB         159 kB
Γö£ Γùï /dashboard/issued-passes                           9.87 kB         304 kB
Γö£ Γùï /dashboard/pass-requests                           8.58 kB         258 kB
Γö£ Γùï /login                                             3.27 kB         118 kB
Γö£ Γùï /mess-pass-request                                 9.61 kB         119 kB
Γö£ Γùï /SupAdm/admins                                     527 B            88 kB
Γö£ Γùï /SupAdm/dashboard                                  528 B            88 kB
Γö£ Γùï /SupAdm/forgot-password                            2.54 kB         126 kB
Γö£ Γùï /SupAdm/history                                    529 B            88 kB
Γö£ Γùï /SupAdm/login                                      2.32 kB         126 kB
Γö£ Γùï /SupAdm/protected/admins                           4.31 kB         253 kB
Γö£ Γùï /SupAdm/protected/dashboard                        2.34 kB         112 kB
Γö£ Γùï /SupAdm/protected/history                          6.11 kB         255 kB
Γö£ Γùï /SupAdm/protected/superadmins                      4.73 kB         232 kB
Γöö Γùï /VerifyPass                                        3.88 kB         118 kB
+ First Load JS shared by all                          87.5 kB
  Γö£ chunks/117-abca80f805db3ab7.js                     31.9 kB
  Γö£ chunks/fd9d1056-b269926aa472f095.js                53.6 kB
  Γöö other shared chunks (total)                        1.97 kB


Γùï  (Static)   prerendered as static content
╞Æ  (Dynamic)  server-rendered on demand

